mode: atomic
github.com/tensorchord/envd/pkg/app/context_rm.go:39.51,43.16 3 0
github.com/tensorchord/envd/pkg/app/context_rm.go:46.2,47.12 2 0
github.com/tensorchord/envd/pkg/app/context_rm.go:43.16,45.3 1 0
github.com/tensorchord/envd/pkg/app/image.go:55.46,57.16 2 0
github.com/tensorchord/envd/pkg/app/image.go:60.2,64.16 3 0
github.com/tensorchord/envd/pkg/app/image.go:67.2,68.16 2 0
github.com/tensorchord/envd/pkg/app/image.go:71.2,72.12 2 0
github.com/tensorchord/envd/pkg/app/image.go:57.16,59.3 1 0
github.com/tensorchord/envd/pkg/app/image.go:64.16,66.3 1 0
github.com/tensorchord/envd/pkg/app/image.go:68.16,70.3 1 0
github.com/tensorchord/envd/pkg/app/image.go:75.56,91.27 14 0
github.com/tensorchord/envd/pkg/app/image.go:103.2,103.16 1 0
github.com/tensorchord/envd/pkg/app/image.go:91.27,102.3 10 0
github.com/tensorchord/envd/pkg/app/image.go:106.39,107.16 1 2
github.com/tensorchord/envd/pkg/app/image.go:110.2,110.13 1 0
github.com/tensorchord/envd/pkg/app/image.go:107.16,109.3 1 2
github.com/tensorchord/envd/pkg/app/image.go:113.47,116.24 2 0
github.com/tensorchord/envd/pkg/app/image.go:120.2,120.70 1 0
github.com/tensorchord/envd/pkg/app/image.go:116.24,118.3 1 0
github.com/tensorchord/envd/pkg/app/build.go:103.43,105.16 2 6
github.com/tensorchord/envd/pkg/app/build.go:108.2,108.30 1 6
github.com/tensorchord/envd/pkg/app/build.go:113.2,124.16 4 6
github.com/tensorchord/envd/pkg/app/build.go:127.2,127.49 1 6
github.com/tensorchord/envd/pkg/app/build.go:130.2,130.40 1 6
github.com/tensorchord/envd/pkg/app/build.go:105.16,107.3 1 0
github.com/tensorchord/envd/pkg/app/build.go:108.30,111.3 1 6
github.com/tensorchord/envd/pkg/app/build.go:124.16,126.3 1 0
github.com/tensorchord/envd/pkg/app/build.go:127.49,129.3 1 0
github.com/tensorchord/envd/pkg/app/build.go:133.81,135.16 2 3
github.com/tensorchord/envd/pkg/app/build.go:138.2,142.16 3 3
github.com/tensorchord/envd/pkg/app/build.go:146.2,148.16 3 3
github.com/tensorchord/envd/pkg/app/build.go:151.2,152.23 2 3
github.com/tensorchord/envd/pkg/app/build.go:156.2,156.12 1 3
github.com/tensorchord/envd/pkg/app/build.go:135.16,137.3 1 0
github.com/tensorchord/envd/pkg/app/build.go:142.16,144.3 1 0
github.com/tensorchord/envd/pkg/app/build.go:148.16,150.3 1 0
github.com/tensorchord/envd/pkg/app/build.go:152.23,155.3 2 0
github.com/tensorchord/envd/pkg/app/build.go:159.88,161.16 2 9
github.com/tensorchord/envd/pkg/app/build.go:164.2,164.21 1 9
github.com/tensorchord/envd/pkg/app/build.go:161.16,163.3 1 0
github.com/tensorchord/envd/pkg/app/build.go:167.54,168.44 1 9
github.com/tensorchord/envd/pkg/app/build.go:171.2,171.12 1 9
github.com/tensorchord/envd/pkg/app/build.go:168.44,170.3 1 0
github.com/tensorchord/envd/pkg/app/build.go:174.73,176.65 2 9
github.com/tensorchord/envd/pkg/app/build.go:179.2,179.12 1 9
github.com/tensorchord/envd/pkg/app/build.go:176.65,178.3 1 0
github.com/tensorchord/envd/pkg/app/build.go:182.70,184.16 2 9
github.com/tensorchord/envd/pkg/app/build.go:187.2,188.16 2 9
github.com/tensorchord/envd/pkg/app/build.go:192.2,193.16 2 9
github.com/tensorchord/envd/pkg/app/build.go:196.2,196.20 1 9
github.com/tensorchord/envd/pkg/app/build.go:200.2,203.15 3 9
github.com/tensorchord/envd/pkg/app/build.go:208.2,209.16 2 9
github.com/tensorchord/envd/pkg/app/build.go:212.2,232.11 7 9
github.com/tensorchord/envd/pkg/app/build.go:235.2,235.17 1 9
github.com/tensorchord/envd/pkg/app/build.go:184.16,186.3 1 0
github.com/tensorchord/envd/pkg/app/build.go:188.16,190.3 1 0
github.com/tensorchord/envd/pkg/app/build.go:193.16,195.3 1 0
github.com/tensorchord/envd/pkg/app/build.go:196.20,198.3 1 0
github.com/tensorchord/envd/pkg/app/build.go:203.15,206.3 2 4
github.com/tensorchord/envd/pkg/app/build.go:209.16,211.3 1 0
github.com/tensorchord/envd/pkg/app/build.go:232.11,234.3 1 9
github.com/tensorchord/envd/pkg/app/context_create.go:63.51,77.25 8 0
github.com/tensorchord/envd/pkg/app/context_create.go:81.2,82.16 2 0
github.com/tensorchord/envd/pkg/app/context_create.go:85.2,86.9 2 0
github.com/tensorchord/envd/pkg/app/context_create.go:89.2,89.12 1 0
github.com/tensorchord/envd/pkg/app/context_create.go:77.25,79.3 1 0
github.com/tensorchord/envd/pkg/app/context_create.go:82.16,84.3 1 0
github.com/tensorchord/envd/pkg/app/context_create.go:86.9,88.3 1 0
github.com/tensorchord/envd/pkg/app/env_describe.go:31.36,33.16 2 1
github.com/tensorchord/envd/pkg/app/env_describe.go:36.2,36.27 1 1
github.com/tensorchord/envd/pkg/app/env_describe.go:33.16,34.13 1 0
github.com/tensorchord/envd/pkg/app/env_describe.go:54.64,57.16 3 1
github.com/tensorchord/envd/pkg/app/env_describe.go:60.2,64.16 3 1
github.com/tensorchord/envd/pkg/app/env_describe.go:68.2,69.16 2 1
github.com/tensorchord/envd/pkg/app/env_describe.go:73.2,74.16 2 1
github.com/tensorchord/envd/pkg/app/env_describe.go:78.2,80.12 3 1
github.com/tensorchord/envd/pkg/app/env_describe.go:57.16,59.3 1 0
github.com/tensorchord/envd/pkg/app/env_describe.go:64.16,66.3 1 0
github.com/tensorchord/envd/pkg/app/env_describe.go:69.16,71.3 1 0
github.com/tensorchord/envd/pkg/app/env_describe.go:74.16,76.3 1 0
github.com/tensorchord/envd/pkg/app/env_describe.go:83.68,100.2 14 2
github.com/tensorchord/envd/pkg/app/env_describe.go:102.65,103.18 1 1
github.com/tensorchord/envd/pkg/app/env_describe.go:106.2,107.29 2 1
github.com/tensorchord/envd/pkg/app/env_describe.go:116.2,116.16 1 1
github.com/tensorchord/envd/pkg/app/env_describe.go:103.18,105.3 1 0
github.com/tensorchord/envd/pkg/app/env_describe.go:107.29,115.3 7 1
github.com/tensorchord/envd/pkg/app/env_describe.go:119.61,120.16 1 1
github.com/tensorchord/envd/pkg/app/env_describe.go:123.2,124.37 2 1
github.com/tensorchord/envd/pkg/app/env_describe.go:130.2,130.36 1 1
github.com/tensorchord/envd/pkg/app/env_describe.go:136.2,136.16 1 1
github.com/tensorchord/envd/pkg/app/env_describe.go:120.16,122.3 1 0
github.com/tensorchord/envd/pkg/app/env_describe.go:124.37,129.3 4 1
github.com/tensorchord/envd/pkg/app/env_describe.go:130.36,135.3 4 1
github.com/tensorchord/envd/pkg/app/version.go:52.43,58.11 6 0
github.com/tensorchord/envd/pkg/app/version.go:61.2,64.22 4 0
github.com/tensorchord/envd/pkg/app/version.go:67.2,70.12 4 0
github.com/tensorchord/envd/pkg/app/version.go:84.2,84.12 1 0
github.com/tensorchord/envd/pkg/app/version.go:58.11,60.3 1 0
github.com/tensorchord/envd/pkg/app/version.go:64.22,66.3 1 0
github.com/tensorchord/envd/pkg/app/version.go:70.12,71.17 1 0
github.com/tensorchord/envd/pkg/app/version.go:71.17,73.4 1 0
github.com/tensorchord/envd/pkg/app/version.go:73.9,75.33 2 0
github.com/tensorchord/envd/pkg/app/version.go:78.4,81.66 4 0
github.com/tensorchord/envd/pkg/app/version.go:75.33,77.5 1 0
github.com/tensorchord/envd/pkg/app/version.go:87.75,89.16 2 0
github.com/tensorchord/envd/pkg/app/version.go:92.2,96.16 3 0
github.com/tensorchord/envd/pkg/app/version.go:102.2,103.16 2 0
github.com/tensorchord/envd/pkg/app/version.go:109.2,117.8 1 0
github.com/tensorchord/envd/pkg/app/version.go:89.16,91.3 1 0
github.com/tensorchord/envd/pkg/app/version.go:96.16,100.3 1 0
github.com/tensorchord/envd/pkg/app/version.go:103.16,107.3 1 0
github.com/tensorchord/envd/pkg/app/version.go:130.47,133.29 3 0
github.com/tensorchord/envd/pkg/app/version.go:136.2,136.44 1 0
github.com/tensorchord/envd/pkg/app/version.go:133.29,135.3 1 0
github.com/tensorchord/envd/pkg/app/create.go:80.44,82.16 2 0
github.com/tensorchord/envd/pkg/app/create.go:86.2,89.16 2 0
github.com/tensorchord/envd/pkg/app/create.go:93.2,94.16 2 0
github.com/tensorchord/envd/pkg/app/create.go:97.2,103.44 2 0
github.com/tensorchord/envd/pkg/app/create.go:106.2,107.16 2 0
github.com/tensorchord/envd/pkg/app/create.go:111.2,115.16 4 0
github.com/tensorchord/envd/pkg/app/create.go:119.2,120.16 2 0
github.com/tensorchord/envd/pkg/app/create.go:123.2,124.16 2 0
github.com/tensorchord/envd/pkg/app/create.go:127.2,136.46 2 0
github.com/tensorchord/envd/pkg/app/create.go:142.2,142.32 1 0
github.com/tensorchord/envd/pkg/app/create.go:189.2,189.12 1 0
github.com/tensorchord/envd/pkg/app/create.go:82.16,84.3 1 0
github.com/tensorchord/envd/pkg/app/create.go:89.16,91.3 1 0
github.com/tensorchord/envd/pkg/app/create.go:94.16,96.3 1 0
github.com/tensorchord/envd/pkg/app/create.go:103.44,105.3 1 0
github.com/tensorchord/envd/pkg/app/create.go:107.16,109.3 1 0
github.com/tensorchord/envd/pkg/app/create.go:115.16,117.3 1 0
github.com/tensorchord/envd/pkg/app/create.go:120.16,122.3 1 0
github.com/tensorchord/envd/pkg/app/create.go:124.16,126.3 1 0
github.com/tensorchord/envd/pkg/app/create.go:136.46,139.3 2 0
github.com/tensorchord/envd/pkg/app/create.go:142.32,152.17 9 0
github.com/tensorchord/envd/pkg/app/create.go:156.3,158.27 2 0
github.com/tensorchord/envd/pkg/app/create.go:178.3,178.13 1 0
github.com/tensorchord/envd/pkg/app/create.go:185.3,185.41 1 0
github.com/tensorchord/envd/pkg/app/create.go:152.17,154.4 1 0
github.com/tensorchord/envd/pkg/app/create.go:158.27,159.22 1 0
github.com/tensorchord/envd/pkg/app/create.go:164.4,165.18 2 0
github.com/tensorchord/envd/pkg/app/create.go:168.4,171.14 4 0
github.com/tensorchord/envd/pkg/app/create.go:159.22,160.13 1 0
github.com/tensorchord/envd/pkg/app/create.go:165.18,167.5 1 0
github.com/tensorchord/envd/pkg/app/create.go:171.14,172.79 1 0
github.com/tensorchord/envd/pkg/app/create.go:172.79,174.6 1 0
github.com/tensorchord/envd/pkg/app/create.go:178.13,179.45 1 0
github.com/tensorchord/envd/pkg/app/create.go:182.4,182.24 1 0
github.com/tensorchord/envd/pkg/app/create.go:179.45,181.5 1 0
github.com/tensorchord/envd/pkg/app/create.go:185.41,187.4 1 0
github.com/tensorchord/envd/pkg/app/login.go:42.43,44.16 2 0
github.com/tensorchord/envd/pkg/app/login.go:47.2,48.16 2 0
github.com/tensorchord/envd/pkg/app/login.go:51.2,52.16 2 0
github.com/tensorchord/envd/pkg/app/login.go:55.2,62.16 5 0
github.com/tensorchord/envd/pkg/app/login.go:65.2,68.23 1 0
github.com/tensorchord/envd/pkg/app/login.go:71.2,72.12 2 0
github.com/tensorchord/envd/pkg/app/login.go:44.16,46.3 1 0
github.com/tensorchord/envd/pkg/app/login.go:48.16,50.3 1 0
github.com/tensorchord/envd/pkg/app/login.go:52.16,54.3 1 0
github.com/tensorchord/envd/pkg/app/login.go:62.16,64.3 1 0
github.com/tensorchord/envd/pkg/app/login.go:68.23,70.3 1 0
github.com/tensorchord/envd/pkg/app/login.go:75.37,79.2 3 0
github.com/tensorchord/envd/pkg/app/resume.go:42.44,44.15 2 0
github.com/tensorchord/envd/pkg/app/resume.go:47.2,48.16 2 0
github.com/tensorchord/envd/pkg/app/resume.go:51.2,55.16 3 0
github.com/tensorchord/envd/pkg/app/resume.go:58.2,59.16 2 0
github.com/tensorchord/envd/pkg/app/resume.go:62.2,62.16 1 0
github.com/tensorchord/envd/pkg/app/resume.go:65.2,65.12 1 0
github.com/tensorchord/envd/pkg/app/resume.go:44.15,46.3 1 0
github.com/tensorchord/envd/pkg/app/resume.go:48.16,50.3 1 0
github.com/tensorchord/envd/pkg/app/resume.go:55.16,57.3 1 0
github.com/tensorchord/envd/pkg/app/resume.go:59.16,61.3 1 0
github.com/tensorchord/envd/pkg/app/resume.go:62.16,64.3 1 0
github.com/tensorchord/envd/pkg/app/image_remove.go:47.49,49.21 2 0
github.com/tensorchord/envd/pkg/app/image_remove.go:52.2,53.15 2 0
github.com/tensorchord/envd/pkg/app/image_remove.go:57.2,60.16 3 0
github.com/tensorchord/envd/pkg/app/image_remove.go:63.2,63.87 1 0
github.com/tensorchord/envd/pkg/app/image_remove.go:66.2,67.12 2 0
github.com/tensorchord/envd/pkg/app/image_remove.go:49.21,51.3 1 0
github.com/tensorchord/envd/pkg/app/image_remove.go:53.15,56.3 2 0
github.com/tensorchord/envd/pkg/app/image_remove.go:60.16,62.3 1 0
github.com/tensorchord/envd/pkg/app/image_remove.go:63.87,65.3 1 0
github.com/tensorchord/envd/pkg/app/pause.go:42.43,44.15 2 0
github.com/tensorchord/envd/pkg/app/pause.go:47.2,48.16 2 0
github.com/tensorchord/envd/pkg/app/pause.go:51.2,55.16 3 0
github.com/tensorchord/envd/pkg/app/pause.go:58.2,59.16 2 0
github.com/tensorchord/envd/pkg/app/pause.go:62.2,62.16 1 0
github.com/tensorchord/envd/pkg/app/pause.go:65.2,65.12 1 0
github.com/tensorchord/envd/pkg/app/pause.go:44.15,46.3 1 0
github.com/tensorchord/envd/pkg/app/pause.go:48.16,50.3 1 0
github.com/tensorchord/envd/pkg/app/pause.go:55.16,57.3 1 0
github.com/tensorchord/envd/pkg/app/pause.go:59.16,61.3 1 0
github.com/tensorchord/envd/pkg/app/pause.go:62.16,64.3 1 0
github.com/tensorchord/envd/pkg/app/image_describe.go:41.56,43.19 2 0
github.com/tensorchord/envd/pkg/app/image_describe.go:46.2,47.16 2 0
github.com/tensorchord/envd/pkg/app/image_describe.go:50.2,54.16 3 0
github.com/tensorchord/envd/pkg/app/image_describe.go:57.2,58.16 2 0
github.com/tensorchord/envd/pkg/app/image_describe.go:61.2,62.12 2 0
github.com/tensorchord/envd/pkg/app/image_describe.go:43.19,45.3 1 0
github.com/tensorchord/envd/pkg/app/image_describe.go:47.16,49.3 1 0
github.com/tensorchord/envd/pkg/app/image_describe.go:54.16,56.3 1 0
github.com/tensorchord/envd/pkg/app/image_describe.go:58.16,60.3 1 0
github.com/tensorchord/envd/pkg/app/init.go:64.36,65.14 1 1
github.com/tensorchord/envd/pkg/app/init.go:72.2,72.14 1 0
github.com/tensorchord/envd/pkg/app/init.go:69.11,70.14 1 1
github.com/tensorchord/envd/pkg/app/init.go:83.51,86.81 3 1
github.com/tensorchord/envd/pkg/app/init.go:106.2,106.16 1 1
github.com/tensorchord/envd/pkg/app/init.go:109.2,115.8 1 1
github.com/tensorchord/envd/pkg/app/init.go:86.81,87.17 1 2
github.com/tensorchord/envd/pkg/app/init.go:90.3,90.16 1 2
github.com/tensorchord/envd/pkg/app/init.go:93.3,94.17 2 1
github.com/tensorchord/envd/pkg/app/init.go:97.3,97.63 1 1
github.com/tensorchord/envd/pkg/app/init.go:101.3,101.53 1 0
github.com/tensorchord/envd/pkg/app/init.go:104.3,104.13 1 0
github.com/tensorchord/envd/pkg/app/init.go:87.17,89.4 1 0
github.com/tensorchord/envd/pkg/app/init.go:90.16,92.4 1 1
github.com/tensorchord/envd/pkg/app/init.go:94.17,96.4 1 0
github.com/tensorchord/envd/pkg/app/init.go:97.63,100.4 2 1
github.com/tensorchord/envd/pkg/app/init.go:101.53,103.4 1 0
github.com/tensorchord/envd/pkg/app/init.go:106.16,108.3 1 0
github.com/tensorchord/envd/pkg/app/init.go:118.40,122.30 4 1
github.com/tensorchord/envd/pkg/app/init.go:125.2,125.26 1 1
github.com/tensorchord/envd/pkg/app/init.go:128.2,128.17 1 1
github.com/tensorchord/envd/pkg/app/init.go:131.2,131.20 1 1
github.com/tensorchord/envd/pkg/app/init.go:122.30,124.3 1 1
github.com/tensorchord/envd/pkg/app/init.go:125.26,127.3 1 0
github.com/tensorchord/envd/pkg/app/init.go:128.17,130.3 1 0
github.com/tensorchord/envd/pkg/app/init.go:135.39,136.14 1 0
github.com/tensorchord/envd/pkg/app/init.go:144.2,144.14 1 0
github.com/tensorchord/envd/pkg/app/init.go:141.14,142.14 1 0
github.com/tensorchord/envd/pkg/app/init.go:147.48,149.16 2 1
github.com/tensorchord/envd/pkg/app/init.go:152.2,152.28 1 1
github.com/tensorchord/envd/pkg/app/init.go:149.16,151.3 1 0
github.com/tensorchord/envd/pkg/app/init.go:155.49,159.16 4 1
github.com/tensorchord/envd/pkg/app/init.go:162.2,162.24 1 1
github.com/tensorchord/envd/pkg/app/init.go:166.2,168.16 3 1
github.com/tensorchord/envd/pkg/app/init.go:171.2,171.22 1 1
github.com/tensorchord/envd/pkg/app/init.go:175.2,176.22 2 1
github.com/tensorchord/envd/pkg/app/init.go:181.2,181.16 1 1
github.com/tensorchord/envd/pkg/app/init.go:184.2,185.16 2 1
github.com/tensorchord/envd/pkg/app/init.go:188.2,188.12 1 1
github.com/tensorchord/envd/pkg/app/init.go:159.16,161.3 1 0
github.com/tensorchord/envd/pkg/app/init.go:162.24,164.3 1 0
github.com/tensorchord/envd/pkg/app/init.go:168.16,170.3 1 0
github.com/tensorchord/envd/pkg/app/init.go:171.22,173.3 1 0
github.com/tensorchord/envd/pkg/app/init.go:176.22,178.3 1 1
github.com/tensorchord/envd/pkg/app/init.go:178.8,180.3 1 0
github.com/tensorchord/envd/pkg/app/init.go:181.16,183.3 1 0
github.com/tensorchord/envd/pkg/app/init.go:185.16,187.3 1 0
github.com/tensorchord/envd/pkg/app/top.go:41.41,43.34 2 0
github.com/tensorchord/envd/pkg/app/top.go:47.2,48.16 2 0
github.com/tensorchord/envd/pkg/app/top.go:51.2,57.16 4 0
github.com/tensorchord/envd/pkg/app/top.go:60.2,61.16 2 0
github.com/tensorchord/envd/pkg/app/top.go:65.2,66.16 2 0
github.com/tensorchord/envd/pkg/app/top.go:70.2,71.16 2 0
github.com/tensorchord/envd/pkg/app/top.go:75.2,76.16 2 0
github.com/tensorchord/envd/pkg/app/top.go:79.2,82.6 4 0
github.com/tensorchord/envd/pkg/app/top.go:43.34,45.3 1 0
github.com/tensorchord/envd/pkg/app/top.go:48.16,50.3 1 0
github.com/tensorchord/envd/pkg/app/top.go:57.16,59.3 1 0
github.com/tensorchord/envd/pkg/app/top.go:61.16,63.3 1 0
github.com/tensorchord/envd/pkg/app/top.go:66.16,68.3 1 0
github.com/tensorchord/envd/pkg/app/top.go:71.16,73.3 1 0
github.com/tensorchord/envd/pkg/app/top.go:76.16,78.3 1 0
github.com/tensorchord/envd/pkg/app/top.go:82.6,83.10 1 0
github.com/tensorchord/envd/pkg/app/top.go:84.24,85.16 1 0
github.com/tensorchord/envd/pkg/app/top.go:89.17,90.26 1 0
github.com/tensorchord/envd/pkg/app/top.go:93.4,94.22 2 0
github.com/tensorchord/envd/pkg/app/top.go:86.22,87.15 1 0
github.com/tensorchord/envd/pkg/app/top.go:90.26,92.5 1 0
github.com/tensorchord/envd/pkg/app/top.go:99.109,108.27 8 0
github.com/tensorchord/envd/pkg/app/top.go:116.2,117.25 2 0
github.com/tensorchord/envd/pkg/app/top.go:120.2,120.14 1 0
github.com/tensorchord/envd/pkg/app/top.go:108.27,115.3 6 0
github.com/tensorchord/envd/pkg/app/top.go:117.25,119.3 1 0
github.com/tensorchord/envd/pkg/app/app.go:36.20,129.56 12 15
github.com/tensorchord/envd/pkg/app/app.go:157.2,159.3 1 15
github.com/tensorchord/envd/pkg/app/app.go:129.56,133.19 3 22
github.com/tensorchord/envd/pkg/app/app.go:137.3,137.43 1 22
github.com/tensorchord/envd/pkg/app/app.go:141.3,143.51 2 22
github.com/tensorchord/envd/pkg/app/app.go:148.3,154.13 6 22
github.com/tensorchord/envd/pkg/app/app.go:133.19,135.4 1 20
github.com/tensorchord/envd/pkg/app/app.go:137.43,139.4 1 0
github.com/tensorchord/envd/pkg/app/app.go:143.51,145.4 1 0
github.com/tensorchord/envd/pkg/app/context_use.go:39.48,43.16 3 0
github.com/tensorchord/envd/pkg/app/context_use.go:46.2,47.12 2 0
github.com/tensorchord/envd/pkg/app/context_use.go:43.16,45.3 1 0
github.com/tensorchord/envd/pkg/app/env_ls.go:41.52,43.16 2 1
github.com/tensorchord/envd/pkg/app/env_ls.go:47.2,52.16 4 1
github.com/tensorchord/envd/pkg/app/env_ls.go:55.2,56.16 2 1
github.com/tensorchord/envd/pkg/app/env_ls.go:59.2,60.12 2 1
github.com/tensorchord/envd/pkg/app/env_ls.go:43.16,45.3 1 0
github.com/tensorchord/envd/pkg/app/env_ls.go:52.16,54.3 1 0
github.com/tensorchord/envd/pkg/app/env_ls.go:56.16,58.3 1 0
github.com/tensorchord/envd/pkg/app/env_ls.go:63.68,82.27 14 1
github.com/tensorchord/envd/pkg/app/env_ls.go:94.2,94.16 1 1
github.com/tensorchord/envd/pkg/app/env_ls.go:82.27,93.3 10 1
github.com/tensorchord/envd/pkg/app/env_ls.go:97.55,99.35 2 1
github.com/tensorchord/envd/pkg/app/env_ls.go:102.2,102.41 1 1
github.com/tensorchord/envd/pkg/app/env_ls.go:105.2,105.21 1 1
github.com/tensorchord/envd/pkg/app/env_ls.go:99.35,101.3 1 0
github.com/tensorchord/envd/pkg/app/env_ls.go:102.41,104.3 1 0
github.com/tensorchord/envd/pkg/app/prune.go:56.43,58.14 2 0
github.com/tensorchord/envd/pkg/app/prune.go:64.2,70.16 6 0
github.com/tensorchord/envd/pkg/app/prune.go:73.2,75.16 2 0
github.com/tensorchord/envd/pkg/app/prune.go:78.2,79.69 1 0
github.com/tensorchord/envd/pkg/app/prune.go:82.2,82.12 1 0
github.com/tensorchord/envd/pkg/app/prune.go:58.14,59.56 1 0
github.com/tensorchord/envd/pkg/app/prune.go:59.56,61.4 1 0
github.com/tensorchord/envd/pkg/app/prune.go:70.16,72.3 1 0
github.com/tensorchord/envd/pkg/app/prune.go:75.16,77.3 1 0
github.com/tensorchord/envd/pkg/app/prune.go:79.69,81.3 1 0
github.com/tensorchord/envd/pkg/app/run.go:69.41,75.39 5 2
github.com/tensorchord/envd/pkg/app/run.go:79.2,80.19 2 2
github.com/tensorchord/envd/pkg/app/run.go:120.2,121.16 2 2
github.com/tensorchord/envd/pkg/app/run.go:124.2,128.16 3 2
github.com/tensorchord/envd/pkg/app/run.go:131.2,132.58 1 2
github.com/tensorchord/envd/pkg/app/run.go:139.2,140.16 2 2
github.com/tensorchord/envd/pkg/app/run.go:144.2,145.16 2 2
github.com/tensorchord/envd/pkg/app/run.go:148.2,148.71 1 2
github.com/tensorchord/envd/pkg/app/run.go:155.2,155.12 1 2
github.com/tensorchord/envd/pkg/app/run.go:75.39,77.3 1 0
github.com/tensorchord/envd/pkg/app/run.go:80.19,82.17 2 0
github.com/tensorchord/envd/pkg/app/run.go:85.3,86.17 2 0
github.com/tensorchord/envd/pkg/app/run.go:89.3,90.17 2 0
github.com/tensorchord/envd/pkg/app/run.go:93.3,93.21 1 0
github.com/tensorchord/envd/pkg/app/run.go:96.3,102.17 3 0
github.com/tensorchord/envd/pkg/app/run.go:105.3,105.45 1 0
github.com/tensorchord/envd/pkg/app/run.go:108.3,108.63 1 0
github.com/tensorchord/envd/pkg/app/run.go:114.3,114.17 1 0
github.com/tensorchord/envd/pkg/app/run.go:82.17,84.4 1 0
github.com/tensorchord/envd/pkg/app/run.go:86.17,88.4 1 0
github.com/tensorchord/envd/pkg/app/run.go:90.17,92.4 1 0
github.com/tensorchord/envd/pkg/app/run.go:93.21,95.4 1 0
github.com/tensorchord/envd/pkg/app/run.go:102.17,104.4 1 0
github.com/tensorchord/envd/pkg/app/run.go:105.45,107.4 1 0
github.com/tensorchord/envd/pkg/app/run.go:108.63,110.4 1 0
github.com/tensorchord/envd/pkg/app/run.go:110.9,112.4 1 0
github.com/tensorchord/envd/pkg/app/run.go:114.17,116.4 1 0
github.com/tensorchord/envd/pkg/app/run.go:121.16,123.3 1 0
github.com/tensorchord/envd/pkg/app/run.go:128.16,130.3 1 0
github.com/tensorchord/envd/pkg/app/run.go:132.58,135.3 1 0
github.com/tensorchord/envd/pkg/app/run.go:135.8,135.23 1 2
github.com/tensorchord/envd/pkg/app/run.go:135.23,137.3 1 0
github.com/tensorchord/envd/pkg/app/run.go:140.16,142.3 1 0
github.com/tensorchord/envd/pkg/app/run.go:145.16,147.3 1 0
github.com/tensorchord/envd/pkg/app/run.go:148.71,152.3 2 0
github.com/tensorchord/envd/pkg/app/run.go:152.8,154.3 1 2
github.com/tensorchord/envd/pkg/app/bootstrap.go:66.47,82.31 3 6
github.com/tensorchord/envd/pkg/app/bootstrap.go:90.2,90.12 1 6
github.com/tensorchord/envd/pkg/app/bootstrap.go:82.31,85.17 3 18
github.com/tensorchord/envd/pkg/app/bootstrap.go:85.17,87.4 1 0
github.com/tensorchord/envd/pkg/app/bootstrap.go:93.44,96.25 2 6
github.com/tensorchord/envd/pkg/app/bootstrap.go:97.9,100.17 2 6
github.com/tensorchord/envd/pkg/app/bootstrap.go:103.3,103.17 1 6
github.com/tensorchord/envd/pkg/app/bootstrap.go:109.3,109.13 1 6
github.com/tensorchord/envd/pkg/app/bootstrap.go:110.9,114.17 2 0
github.com/tensorchord/envd/pkg/app/bootstrap.go:118.3,119.17 2 0
github.com/tensorchord/envd/pkg/app/bootstrap.go:123.3,123.16 1 0
github.com/tensorchord/envd/pkg/app/bootstrap.go:141.3,143.17 3 0
github.com/tensorchord/envd/pkg/app/bootstrap.go:146.3,147.17 2 0
github.com/tensorchord/envd/pkg/app/bootstrap.go:151.3,152.17 2 0
github.com/tensorchord/envd/pkg/app/bootstrap.go:156.3,157.17 2 0
github.com/tensorchord/envd/pkg/app/bootstrap.go:160.3,160.13 1 0
github.com/tensorchord/envd/pkg/app/bootstrap.go:162.10,163.51 1 0
github.com/tensorchord/envd/pkg/app/bootstrap.go:100.17,102.4 1 0
github.com/tensorchord/envd/pkg/app/bootstrap.go:103.17,105.51 1 0
github.com/tensorchord/envd/pkg/app/bootstrap.go:105.51,107.5 1 0
github.com/tensorchord/envd/pkg/app/bootstrap.go:114.17,116.4 1 0
github.com/tensorchord/envd/pkg/app/bootstrap.go:119.17,121.4 1 0
github.com/tensorchord/envd/pkg/app/bootstrap.go:123.16,127.36 3 0
github.com/tensorchord/envd/pkg/app/bootstrap.go:135.4,137.42 2 0
github.com/tensorchord/envd/pkg/app/bootstrap.go:127.36,131.19 3 0
github.com/tensorchord/envd/pkg/app/bootstrap.go:131.19,133.6 1 0
github.com/tensorchord/envd/pkg/app/bootstrap.go:137.42,139.5 1 0
github.com/tensorchord/envd/pkg/app/bootstrap.go:143.17,145.4 1 0
github.com/tensorchord/envd/pkg/app/bootstrap.go:147.17,149.4 1 0
github.com/tensorchord/envd/pkg/app/bootstrap.go:152.17,154.4 1 0
github.com/tensorchord/envd/pkg/app/bootstrap.go:157.17,159.4 1 0
github.com/tensorchord/envd/pkg/app/bootstrap.go:167.50,169.19 2 6
github.com/tensorchord/envd/pkg/app/bootstrap.go:174.2,175.16 2 6
github.com/tensorchord/envd/pkg/app/bootstrap.go:179.2,180.16 2 6
github.com/tensorchord/envd/pkg/app/bootstrap.go:185.2,186.12 2 6
github.com/tensorchord/envd/pkg/app/bootstrap.go:169.19,171.3 1 0
github.com/tensorchord/envd/pkg/app/bootstrap.go:175.16,178.3 2 0
github.com/tensorchord/envd/pkg/app/bootstrap.go:180.16,183.3 2 0
github.com/tensorchord/envd/pkg/app/bootstrap.go:189.46,191.15 2 6
github.com/tensorchord/envd/pkg/app/bootstrap.go:195.2,196.16 2 6
github.com/tensorchord/envd/pkg/app/bootstrap.go:200.2,203.16 3 6
github.com/tensorchord/envd/pkg/app/bootstrap.go:206.2,209.12 3 6
github.com/tensorchord/envd/pkg/app/bootstrap.go:191.15,193.3 1 0
github.com/tensorchord/envd/pkg/app/bootstrap.go:196.16,198.3 1 0
github.com/tensorchord/envd/pkg/app/bootstrap.go:203.16,205.3 1 0
github.com/tensorchord/envd/pkg/app/context_ls.go:36.49,38.16 2 0
github.com/tensorchord/envd/pkg/app/context_ls.go:41.2,42.12 2 0
github.com/tensorchord/envd/pkg/app/context_ls.go:38.16,40.3 1 0
github.com/tensorchord/envd/pkg/app/context_ls.go:45.61,61.38 14 0
github.com/tensorchord/envd/pkg/app/context_ls.go:76.2,76.16 1 0
github.com/tensorchord/envd/pkg/app/context_ls.go:61.38,63.33 2 0
github.com/tensorchord/envd/pkg/app/context_ls.go:68.3,71.29 4 0
github.com/tensorchord/envd/pkg/app/context_ls.go:74.3,74.23 1 0
github.com/tensorchord/envd/pkg/app/context_ls.go:63.33,65.4 1 0
github.com/tensorchord/envd/pkg/app/context_ls.go:65.9,67.4 1 0
github.com/tensorchord/envd/pkg/app/context_ls.go:71.29,73.4 1 0
github.com/tensorchord/envd/pkg/app/image_prune.go:37.49,41.16 3 0
github.com/tensorchord/envd/pkg/app/image_prune.go:44.2,45.16 2 0
github.com/tensorchord/envd/pkg/app/image_prune.go:48.2,48.35 1 0
github.com/tensorchord/envd/pkg/app/image_prune.go:52.2,52.12 1 0
github.com/tensorchord/envd/pkg/app/image_prune.go:41.16,43.3 1 0
github.com/tensorchord/envd/pkg/app/image_prune.go:45.16,47.3 1 0
github.com/tensorchord/envd/pkg/app/image_prune.go:48.35,50.3 1 0
github.com/tensorchord/envd/pkg/app/image_prune.go:55.75,71.43 14 0
github.com/tensorchord/envd/pkg/app/image_prune.go:82.2,83.92 2 0
github.com/tensorchord/envd/pkg/app/image_prune.go:71.43,73.25 2 0
github.com/tensorchord/envd/pkg/app/image_prune.go:80.3,80.23 1 0
github.com/tensorchord/envd/pkg/app/image_prune.go:73.25,76.4 2 0
github.com/tensorchord/envd/pkg/app/image_prune.go:76.9,79.4 2 0
github.com/tensorchord/envd/pkg/app/up.go:124.40,126.16 2 3
github.com/tensorchord/envd/pkg/app/up.go:130.2,131.16 2 3
github.com/tensorchord/envd/pkg/app/up.go:136.2,136.44 1 3
github.com/tensorchord/envd/pkg/app/up.go:139.2,141.44 2 3
github.com/tensorchord/envd/pkg/app/up.go:147.2,157.16 6 3
github.com/tensorchord/envd/pkg/app/up.go:160.2,160.49 1 3
github.com/tensorchord/envd/pkg/app/up.go:163.2,163.63 1 3
github.com/tensorchord/envd/pkg/app/up.go:166.2,166.55 1 3
github.com/tensorchord/envd/pkg/app/up.go:170.2,174.15 4 3
github.com/tensorchord/envd/pkg/app/up.go:179.2,180.9 2 3
github.com/tensorchord/envd/pkg/app/up.go:184.2,188.16 3 3
github.com/tensorchord/envd/pkg/app/up.go:191.2,200.44 2 3
github.com/tensorchord/envd/pkg/app/up.go:211.2,212.16 2 3
github.com/tensorchord/envd/pkg/app/up.go:215.2,219.16 4 3
github.com/tensorchord/envd/pkg/app/up.go:223.2,225.16 2 3
github.com/tensorchord/envd/pkg/app/up.go:228.2,228.46 1 3
github.com/tensorchord/envd/pkg/app/up.go:232.2,237.13 2 3
github.com/tensorchord/envd/pkg/app/up.go:244.2,244.12 1 3
github.com/tensorchord/envd/pkg/app/up.go:126.16,128.3 1 0
github.com/tensorchord/envd/pkg/app/up.go:131.16,133.3 1 0
github.com/tensorchord/envd/pkg/app/up.go:136.44,138.3 1 0
github.com/tensorchord/envd/pkg/app/up.go:141.44,142.50 1 0
github.com/tensorchord/envd/pkg/app/up.go:142.50,144.4 1 0
github.com/tensorchord/envd/pkg/app/up.go:157.16,159.3 1 0
github.com/tensorchord/envd/pkg/app/up.go:160.49,162.3 1 0
github.com/tensorchord/envd/pkg/app/up.go:163.63,165.3 1 0
github.com/tensorchord/envd/pkg/app/up.go:166.55,168.3 1 0
github.com/tensorchord/envd/pkg/app/up.go:174.15,176.3 1 0
github.com/tensorchord/envd/pkg/app/up.go:176.8,178.3 1 3
github.com/tensorchord/envd/pkg/app/up.go:180.9,182.3 1 0
github.com/tensorchord/envd/pkg/app/up.go:188.16,190.3 1 0
github.com/tensorchord/envd/pkg/app/up.go:200.44,207.3 1 3
github.com/tensorchord/envd/pkg/app/up.go:207.8,207.51 1 0
github.com/tensorchord/envd/pkg/app/up.go:207.51,209.3 1 0
github.com/tensorchord/envd/pkg/app/up.go:212.16,214.3 1 0
github.com/tensorchord/envd/pkg/app/up.go:219.16,221.3 1 0
github.com/tensorchord/envd/pkg/app/up.go:225.16,227.3 1 0
github.com/tensorchord/envd/pkg/app/up.go:228.46,231.3 2 0
github.com/tensorchord/envd/pkg/app/up.go:237.13,239.53 1 0
github.com/tensorchord/envd/pkg/app/up.go:239.53,241.4 1 0
github.com/tensorchord/envd/pkg/app/debug_llb.go:71.46,74.16 3 0
github.com/tensorchord/envd/pkg/app/debug_llb.go:78.2,89.16 4 0
github.com/tensorchord/envd/pkg/app/debug_llb.go:92.2,92.49 1 0
github.com/tensorchord/envd/pkg/app/debug_llb.go:96.2,97.16 2 0
github.com/tensorchord/envd/pkg/app/debug_llb.go:101.2,102.16 2 0
github.com/tensorchord/envd/pkg/app/debug_llb.go:106.2,106.28 1 0
github.com/tensorchord/envd/pkg/app/debug_llb.go:116.2,116.12 1 0
github.com/tensorchord/envd/pkg/app/debug_llb.go:74.16,76.3 1 0
github.com/tensorchord/envd/pkg/app/debug_llb.go:89.16,91.3 1 0
github.com/tensorchord/envd/pkg/app/debug_llb.go:92.49,94.3 1 0
github.com/tensorchord/envd/pkg/app/debug_llb.go:97.16,99.3 1 0
github.com/tensorchord/envd/pkg/app/debug_llb.go:102.16,104.3 1 0
github.com/tensorchord/envd/pkg/app/debug_llb.go:106.28,108.3 1 0
github.com/tensorchord/envd/pkg/app/debug_llb.go:108.8,110.26 2 0
github.com/tensorchord/envd/pkg/app/debug_llb.go:110.26,111.41 1 0
github.com/tensorchord/envd/pkg/app/debug_llb.go:111.41,113.5 1 0
github.com/tensorchord/envd/pkg/app/debug_llb.go:126.52,128.29 2 0
github.com/tensorchord/envd/pkg/app/debug_llb.go:137.2,137.17 1 0
github.com/tensorchord/envd/pkg/app/debug_llb.go:128.29,130.45 2 0
github.com/tensorchord/envd/pkg/app/debug_llb.go:133.3,135.25 3 0
github.com/tensorchord/envd/pkg/app/debug_llb.go:130.45,132.4 1 0
github.com/tensorchord/envd/pkg/app/debug_llb.go:140.41,144.25 3 0
github.com/tensorchord/envd/pkg/app/debug_llb.go:148.2,148.25 1 0
github.com/tensorchord/envd/pkg/app/debug_llb.go:144.25,147.3 2 0
github.com/tensorchord/envd/pkg/app/debug_llb.go:148.25,149.36 1 0
github.com/tensorchord/envd/pkg/app/debug_llb.go:149.36,151.44 2 0
github.com/tensorchord/envd/pkg/app/debug_llb.go:158.4,158.76 1 0
github.com/tensorchord/envd/pkg/app/debug_llb.go:151.44,152.38 1 0
github.com/tensorchord/envd/pkg/app/debug_llb.go:152.38,153.44 1 0
github.com/tensorchord/envd/pkg/app/debug_llb.go:153.44,155.7 1 0
github.com/tensorchord/envd/pkg/app/debug_llb.go:163.58,164.28 1 0
github.com/tensorchord/envd/pkg/app/debug_llb.go:165.21,166.41 1 0
github.com/tensorchord/envd/pkg/app/debug_llb.go:167.19,168.35 1 0
github.com/tensorchord/envd/pkg/app/debug_llb.go:169.20,170.26 1 0
github.com/tensorchord/envd/pkg/app/debug_llb.go:171.20,172.32 1 0
github.com/tensorchord/envd/pkg/app/debug_llb.go:173.19,174.32 1 0
github.com/tensorchord/envd/pkg/app/debug_llb.go:175.19,178.42 2 0
github.com/tensorchord/envd/pkg/app/debug_llb.go:194.3,194.42 1 0
github.com/tensorchord/envd/pkg/app/debug_llb.go:195.10,196.36 1 0
github.com/tensorchord/envd/pkg/app/debug_llb.go:178.42,181.39 2 0
github.com/tensorchord/envd/pkg/app/debug_llb.go:192.4,192.31 1 0
github.com/tensorchord/envd/pkg/app/debug_llb.go:182.29,183.77 1 0
github.com/tensorchord/envd/pkg/app/debug_llb.go:184.31,185.59 1 0
github.com/tensorchord/envd/pkg/app/debug_llb.go:186.30,187.57 1 0
github.com/tensorchord/envd/pkg/app/debug_llb.go:188.27,189.51 1 0
github.com/tensorchord/envd/pkg/app/debug_llb.go:200.55,202.30 2 0
github.com/tensorchord/envd/pkg/app/debug_llb.go:212.2,220.20 2 0
github.com/tensorchord/envd/pkg/app/debug_llb.go:202.30,205.24 2 0
github.com/tensorchord/envd/pkg/app/debug_llb.go:209.3,209.32 1 0
github.com/tensorchord/envd/pkg/app/debug_llb.go:205.24,208.4 1 0
github.com/tensorchord/envd/pkg/app/destroy.go:52.45,55.30 3 2
github.com/tensorchord/envd/pkg/app/destroy.go:58.2,58.30 1 2
github.com/tensorchord/envd/pkg/app/destroy.go:61.2,62.16 2 2
github.com/tensorchord/envd/pkg/app/destroy.go:71.2,72.16 2 2
github.com/tensorchord/envd/pkg/app/destroy.go:75.2,79.16 4 2
github.com/tensorchord/envd/pkg/app/destroy.go:83.2,83.81 1 2
github.com/tensorchord/envd/pkg/app/destroy.go:89.2,89.54 1 2
github.com/tensorchord/envd/pkg/app/destroy.go:93.2,93.12 1 2
github.com/tensorchord/envd/pkg/app/destroy.go:55.30,57.3 1 0
github.com/tensorchord/envd/pkg/app/destroy.go:58.30,60.3 1 0
github.com/tensorchord/envd/pkg/app/destroy.go:62.16,64.3 1 0
github.com/tensorchord/envd/pkg/app/destroy.go:64.8,66.17 2 2
github.com/tensorchord/envd/pkg/app/destroy.go:69.3,69.40 1 2
github.com/tensorchord/envd/pkg/app/destroy.go:66.17,68.4 1 0
github.com/tensorchord/envd/pkg/app/destroy.go:72.16,74.3 1 0
github.com/tensorchord/envd/pkg/app/destroy.go:79.16,81.3 1 0
github.com/tensorchord/envd/pkg/app/destroy.go:83.81,85.3 1 0
github.com/tensorchord/envd/pkg/app/destroy.go:85.8,85.26 1 2
github.com/tensorchord/envd/pkg/app/destroy.go:85.26,87.3 1 2
github.com/tensorchord/envd/pkg/app/destroy.go:89.54,92.3 2 0
